configVersion: "1.0"
projects:
  projectA:
    outputDirs:
      - build/projectA
    tasks:
      - name: memories
        type: memory
        inputs:
          - template.md
        outputs:
          - agent: claude
          - agent: roo
          - agent: cline
